Running main() from /data00/ai_workspace/worker2/gate0-w5a149772/build-cuda/_deps/gtest-src/googletest/src/gtest_main.cc
Note: Google Test filter = Gate0.dump
[==========] Running 1 test from 1 test suite.
[----------] Global test environment set-up.
[----------] 1 test from Gate0
[ RUN      ] Gate0.dump
[HydroOptions] -- constant gravity options --
* grav1 = -1e-12
* grav2 = 0
* grav3 = 0
* non-hydrostatic = 1
[HydroOptions] -- constant gravity options --
* grav1 = -1e-12
* grav2 = 0
* grav3 = 0
* non-hydrostatic = 1
[       OK ] Gate0.dump (14961 ms)
[----------] 1 test from Gate0 (14961 ms total)

[----------] Global test environment tear-down
[==========] 1 test from 1 test suite ran. (14961 ms total)
[  PASSED  ] 1 test.
